[fontawesome.io/cheatsheet/index.html]
[backblue.gif]
[fade.gif]
[index.html]
[fontawesome.io/assets/ico/favicon.ico]
[fontawesome.io/assets/css/site.css]
[fontawesome.io/assets/css/pygments.css]
[fontawesome.io/assets/font-awesome/css/font-awesome.css]
[use.fonticons.com/ffe176a3.js]
[fontawesome.io/assets/img/logo-wpbeginner.png]
[cdn.fusionads.net/fusion5482.js]
[fontawesome.io/assets/img/logo-themeisle.png]
[platform.twitter.com/widgets.js]
[ajax.googleapis.com/ajax/libs/jquery/1.11.3/jquery.min.js]
[ajax.aspnetcdn.com/ajax/jquery.validate/1.13.1/jquery.validate.min.js]
[maxcdn.bootstrapcdn.com/bootstrap/3.3.5/js/bootstrap.min.js]
[fontawesome.io/assets/js/site.js]
[fontawesome.io/cheatsheet/index.html]
[fontawesome.io/assets/js/search.js]
[fontawesome.io/assets/css/fonts/glyphicons-halflings-regular.15.delayed]
[fontawesome.io/assets/css/fonts/glyphicons-halflings-regular.16d41d.delayed]
[fontawesome.io/assets/css/fonts/glyphicons-halflings-regular.17.delayed]
[fontawesome.io/assets/css/fonts/glyphicons-halflings-regular.18.delayed]
[fontawesome.io/assets/css/fonts/glyphicons-halflings-regular.19.delayed]
[fontawesome.io/assets/css/fonts/glyphicons-halflings-regular.1a.delayed]
[fontawesome.io/assets/css/site.css]
[fontawesome.io/assets/css/pygments.css]
[fontawesome.io/assets/font-awesome/css/font-awesome.css]
[www.google-analytics.com/ga.html]
[s3.buysellads.com/ac/bsa.html]
[ajax.aspnetcdn.com/ajax/jquery.validate/1.13.1/jquery.validate.min.js]
[cdn.jsdelivr.net/algoliasearch/3.13.1/algoliasearch.jquery.min.html]
[cdn.jsdelivr.net/algoliasearch.helper/2.9.1/algoliasearch.helper.min.html]
[cdn.jsdelivr.net/underscorejs/1.8.3/underscore-min.html]
[cdn.jsdelivr.net/backbonejs/1.2.2/backbone-min.html]
[cdn.jsdelivr.net/jsdelivr-rum/1.5/jsdelivr-rum.min.html]
[fontawesome.io/assets/css/fonts/glyphicons-halflings-regular.html]
[fontawesome.io/assets/css/fonts/glyphicons-halflings-regulard41d.html]
[fontawesome.io/assets/css/fonts/glyphicons-halflings-regular-2.html]
[fontawesome.io/assets/css/fonts/glyphicons-halflings-regular-3.html]
[fontawesome.io/assets/css/fonts/glyphicons-halflings-regular-4.html]
[fontawesome.io/assets/css/fonts/glyphicons-halflings-regular-5.html]
[fontawesome.io/assets/font-awesome/fonts/fontawesome-webfont5b62.svg]
[fontawesome.io/assets/font-awesome/fonts/fontawesome-webfont5b62.svg]
